VARIABLE_TYPES,T1,T20,S
!,NAME,AGE
*,Alice,30
*,Bob,25
FOOTER_LINE_001 padding to push footer past the initial 4096-byte chunk boundary
FOOTER_LINE_002 padding to push footer past the initial 4096-byte chunk boundary
FOOTER_LINE_003 padding to push footer past the initial 4096-byte chunk boundary
FOOTER_LINE_004 padding to push footer past the initial 4096-byte chunk boundary
FOOTER_LINE_005 padding to push footer past the initial 4096-byte chunk boundary
FOOTER_LINE_006 padding to push footer past the initial 4096-byte chunk boundary
FOOTER_LINE_007 padding to push footer past the initial 4096-byte chunk boundary
FOOTER_LINE_008 padding to push footer past the initial 4096-byte chunk boundary
FOOTER_LINE_009 padding to push footer past the initial 4096-byte chunk boundary
FOOTER_LINE_010 padding to push footer past the initial 4096-byte chunk boundary
FOOTER_LINE_011 padding to push footer past the initial 4096-byte chunk boundary
FOOTER_LINE_012 padding to push footer past the initial 4096-byte chunk boundary
FOOTER_LINE_013 padding to push footer past the initial 4096-byte chunk boundary
FOOTER_LINE_014 padding to push footer past the initial 4096-byte chunk boundary
FOOTER_LINE_015 padding to push footer past the initial 4096-byte chunk boundary
FOOTER_LINE_016 padding to push footer past the initial 4096-byte chunk boundary
FOOTER_LINE_017 padding to push footer past the initial 4096-byte chunk boundary
FOOTER_LINE_018 padding to push footer past the initial 4096-byte chunk boundary
FOOTER_LINE_019 padding to push footer past the initial 4096-byte chunk boundary
FOOTER_LINE_020 padding to push footer past the initial 4096-byte chunk boundary
FOOTER_LINE_021 padding to push footer past the initial 4096-byte chunk boundary
FOOTER_LINE_022 padding to push footer past the initial 4096-byte chunk boundary
FOOTER_LINE_023 padding to push footer past the initial 4096-byte chunk boundary
FOOTER_LINE_024 padding to push footer past the initial 4096-byte chunk boundary
FOOTER_LINE_025 padding to push footer past the initial 4096-byte chunk boundary
FOOTER_LINE_026 padding to push footer past the initial 4096-byte chunk boundary
FOOTER_LINE_027 padding to push footer past the initial 4096-byte chunk boundary
FOOTER_LINE_028 padding to push footer past the initial 4096-byte chunk boundary
FOOTER_LINE_029 padding to push footer past the initial 4096-byte chunk boundary
FOOTER_LINE_030 padding to push footer past the initial 4096-byte chunk boundary
FOOTER_LINE_031 padding to push footer past the initial 4096-byte chunk boundary
FOOTER_LINE_032 padding to push footer past the initial 4096-byte chunk boundary
FOOTER_LINE_033 padding to push footer past the initial 4096-byte chunk boundary
FOOTER_LINE_034 padding to push footer past the initial 4096-byte chunk boundary
FOOTER_LINE_035 padding to push footer past the initial 4096-byte chunk boundary
FOOTER_LINE_036 padding to push footer past the initial 4096-byte chunk boundary
FOOTER_LINE_037 padding to push footer past the initial 4096-byte chunk boundary
FOOTER_LINE_038 padding to push footer past the initial 4096-byte chunk boundary
FOOTER_LINE_039 padding to push footer past the initial 4096-byte chunk boundary
FOOTER_LINE_040 padding to push footer past the initial 4096-byte chunk boundary
FOOTER_LINE_041 padding to push footer past the initial 4096-byte chunk boundary
FOOTER_LINE_042 padding to push footer past the initial 4096-byte chunk boundary
FOOTER_LINE_043 padding to push footer past the initial 4096-byte chunk boundary
FOOTER_LINE_044 padding to push footer past the initial 4096-byte chunk boundary
FOOTER_LINE_045 padding to push footer past the initial 4096-byte chunk boundary
FOOTER_LINE_046 padding to push footer past the initial 4096-byte chunk boundary
FOOTER_LINE_047 padding to push footer past the initial 4096-byte chunk boundary
FOOTER_LINE_048 padding to push footer past the initial 4096-byte chunk boundary
FOOTER_LINE_049 padding to push footer past the initial 4096-byte chunk boundary
FOOTER_LINE_050 padding to push footer past the initial 4096-byte chunk boundary
FOOTER_LINE_051 padding to push footer past the initial 4096-byte chunk boundary
FOOTER_LINE_052 padding to push footer past the initial 4096-byte chunk boundary
FOOTER_LINE_053 padding to push footer past the initial 4096-byte chunk boundary
FOOTER_LINE_054 padding to push footer past the initial 4096-byte chunk boundary
FOOTER_LINE_055 padding to push footer past the initial 4096-byte chunk boundary
FOOTER_LINE_056 padding to push footer past the initial 4096-byte chunk boundary
FOOTER_LINE_057 padding to push footer past the initial 4096-byte chunk boundary
FOOTER_LINE_058 padding to push footer past the initial 4096-byte chunk boundary
FOOTER_LINE_059 padding to push footer past the initial 4096-byte chunk boundary
FOOTER_LINE_060 padding to push footer past the initial 4096-byte chunk boundary
FOOTER_LINE_061 padding to push footer past the initial 4096-byte chunk boundary
FOOTER_LINE_062 padding to push footer past the initial 4096-byte chunk boundary
FOOTER_LINE_063 padding to push footer past the initial 4096-byte chunk boundary
FOOTER_LINE_064 padding to push footer past the initial 4096-byte chunk boundary
FOOTER_LINE_065 padding to push footer past the initial 4096-byte chunk boundary
FOOTER_LINE_066 padding to push footer past the initial 4096-byte chunk boundary
FOOTER_LINE_067 padding to push footer past the initial 4096-byte chunk boundary
FOOTER_LINE_068 padding to push footer past the initial 4096-byte chunk boundary
FOOTER_LINE_069 padding to push footer past the initial 4096-byte chunk boundary
FOOTER_LINE_070 padding to push footer past the initial 4096-byte chunk boundary
FOOTER_LINE_071 padding to push footer past the initial 4096-byte chunk boundary
FOOTER_LINE_072 padding to push footer past the initial 4096-byte chunk boundary
FOOTER_LINE_073 padding to push footer past the initial 4096-byte chunk boundary
FOOTER_LINE_074 padding to push footer past the initial 4096-byte chunk boundary
FOOTER_LINE_075 padding to push footer past the initial 4096-byte chunk boundary
FOOTER_LINE_076 padding to push footer past the initial 4096-byte chunk boundary
FOOTER_LINE_077 padding to push footer past the initial 4096-byte chunk boundary
FOOTER_LINE_078 padding to push footer past the initial 4096-byte chunk boundary
FOOTER_LINE_079 padding to push footer past the initial 4096-byte chunk boundary
FOOTER_LINE_080 padding to push footer past the initial 4096-byte chunk boundary
FOOTER_LINE_081 padding to push footer past the initial 4096-byte chunk boundary
